Enter the values for the adjacency matrix (4 x 4):
Enter value for A[0][0] (0 or 1): 
Enter value for A[0][1] (0 or 1): 
Enter value for A[0][2] (0 or 1): 
Enter value for A[0][3] (0 or 1): 
Enter value for A[1][0] (0 or 1): 
Enter value for A[1][1] (0 or 1): 
Enter value for A[1][2] (0 or 1): 
Enter value for A[1][3] (0 or 1): 
Enter value for A[2][0] (0 or 1): 
Enter value for A[2][1] (0 or 1): 
Enter value for A[2][2] (0 or 1): 
Enter value for A[2][3] (0 or 1): 
Enter value for A[3][0] (0 or 1): 
Enter value for A[3][1] (0 or 1): 
Enter value for A[3][2] (0 or 1): 
Enter value for A[3][3] (0 or 1): 
The matrix is:
       0     1     2     3
   +-----+-----+-----+-----+
  0 |  0  |  1  |  0  |  0  |
   +-----+-----+-----+-----+
  1 |  0  |  0  |  0  |  0  |
   +-----+-----+-----+-----+
  2 |  1  |  0  |  0  |  0  |
   +-----+-----+-----+-----+
  3 |  0  |  0  |  1  |  0  |
   +-----+-----+-----+-----+
Enter first node: 
Enter second node: 
Check for path from node 3 to node 1, got result 1.
Enter first node: 
Enter second node: 
Check for path from node 3 to node 0, got result 1.
Enter first node: 
Enter second node: 
Check for path from node 2 to node 0, got result 1.
Enter first node: 
Enter second node: 
Check for path from node 1 to node 2, got result 0.
Enter first node: 
Enter second node: 
Check for path from node 2 to node 1, got result 1.
Enter first node: 
Enter second node: 
See you soon!
