Enter the values for the adjacency matrix (11 x 11):
Enter value for A[0][0] (0 or 1): 
Enter value for A[0][1] (0 or 1): 
Enter value for A[0][2] (0 or 1): 
Enter value for A[0][3] (0 or 1): 
Enter value for A[0][4] (0 or 1): 
Enter value for A[0][5] (0 or 1): 
Enter value for A[0][6] (0 or 1): 
Enter value for A[0][7] (0 or 1): 
Enter value for A[0][8] (0 or 1): 
Enter value for A[0][9] (0 or 1): 
Enter value for A[0][10] (0 or 1): 
Enter value for A[1][0] (0 or 1): 
Enter value for A[1][1] (0 or 1): 
Enter value for A[1][2] (0 or 1): 
Enter value for A[1][3] (0 or 1): 
Enter value for A[1][4] (0 or 1): 
Enter value for A[1][5] (0 or 1): 
Enter value for A[1][6] (0 or 1): 
Enter value for A[1][7] (0 or 1): 
Enter value for A[1][8] (0 or 1): 
Enter value for A[1][9] (0 or 1): 
Enter value for A[1][10] (0 or 1): 
Enter value for A[2][0] (0 or 1): 
Enter value for A[2][1] (0 or 1): 
Enter value for A[2][2] (0 or 1): 
Enter value for A[2][3] (0 or 1): 
Enter value for A[2][4] (0 or 1): 
Enter value for A[2][5] (0 or 1): 
Enter value for A[2][6] (0 or 1): 
Enter value for A[2][7] (0 or 1): 
Enter value for A[2][8] (0 or 1): 
Enter value for A[2][9] (0 or 1): 
Enter value for A[2][10] (0 or 1): 
Enter value for A[3][0] (0 or 1): 
Enter value for A[3][1] (0 or 1): 
Enter value for A[3][2] (0 or 1): 
Enter value for A[3][3] (0 or 1): 
Enter value for A[3][4] (0 or 1): 
Enter value for A[3][5] (0 or 1): 
Enter value for A[3][6] (0 or 1): 
Enter value for A[3][7] (0 or 1): 
Enter value for A[3][8] (0 or 1): 
Enter value for A[3][9] (0 or 1): 
Enter value for A[3][10] (0 or 1): 
Enter value for A[4][0] (0 or 1): 
Enter value for A[4][1] (0 or 1): 
Enter value for A[4][2] (0 or 1): 
Enter value for A[4][3] (0 or 1): 
Enter value for A[4][4] (0 or 1): 
Enter value for A[4][5] (0 or 1): 
Enter value for A[4][6] (0 or 1): 
Enter value for A[4][7] (0 or 1): 
Enter value for A[4][8] (0 or 1): 
Enter value for A[4][9] (0 or 1): 
Enter value for A[4][10] (0 or 1): 
Enter value for A[5][0] (0 or 1): 
Enter value for A[5][1] (0 or 1): 
Enter value for A[5][2] (0 or 1): 
Enter value for A[5][3] (0 or 1): 
Enter value for A[5][4] (0 or 1): 
Enter value for A[5][5] (0 or 1): 
Enter value for A[5][6] (0 or 1): 
Enter value for A[5][7] (0 or 1): 
Enter value for A[5][8] (0 or 1): 
Enter value for A[5][9] (0 or 1): 
Enter value for A[5][10] (0 or 1): 
Enter value for A[6][0] (0 or 1): 
Enter value for A[6][1] (0 or 1): 
Enter value for A[6][2] (0 or 1): 
Enter value for A[6][3] (0 or 1): 
Enter value for A[6][4] (0 or 1): 
Enter value for A[6][5] (0 or 1): 
Enter value for A[6][6] (0 or 1): 
Enter value for A[6][7] (0 or 1): 
Enter value for A[6][8] (0 or 1): 
Enter value for A[6][9] (0 or 1): 
Enter value for A[6][10] (0 or 1): 
Enter value for A[7][0] (0 or 1): 
Enter value for A[7][1] (0 or 1): 
Enter value for A[7][2] (0 or 1): 
Enter value for A[7][3] (0 or 1): 
Enter value for A[7][4] (0 or 1): 
Enter value for A[7][5] (0 or 1): 
Enter value for A[7][6] (0 or 1): 
Enter value for A[7][7] (0 or 1): 
Enter value for A[7][8] (0 or 1): 
Enter value for A[7][9] (0 or 1): 
Enter value for A[7][10] (0 or 1): 
Enter value for A[8][0] (0 or 1): 
Enter value for A[8][1] (0 or 1): 
Enter value for A[8][2] (0 or 1): 
Enter value for A[8][3] (0 or 1): 
Enter value for A[8][4] (0 or 1): 
Enter value for A[8][5] (0 or 1): 
Enter value for A[8][6] (0 or 1): 
Enter value for A[8][7] (0 or 1): 
Enter value for A[8][8] (0 or 1): 
Enter value for A[8][9] (0 or 1): 
Enter value for A[8][10] (0 or 1): 
Enter value for A[9][0] (0 or 1): 
Enter value for A[9][1] (0 or 1): 
Enter value for A[9][2] (0 or 1): 
Enter value for A[9][3] (0 or 1): 
Enter value for A[9][4] (0 or 1): 
Enter value for A[9][5] (0 or 1): 
Enter value for A[9][6] (0 or 1): 
Enter value for A[9][7] (0 or 1): 
Enter value for A[9][8] (0 or 1): 
Enter value for A[9][9] (0 or 1): 
Enter value for A[9][10] (0 or 1): 
Enter value for A[10][0] (0 or 1): 
Enter value for A[10][1] (0 or 1): 
Enter value for A[10][2] (0 or 1): 
Enter value for A[10][3] (0 or 1): 
Enter value for A[10][4] (0 or 1): 
Enter value for A[10][5] (0 or 1): 
Enter value for A[10][6] (0 or 1): 
Enter value for A[10][7] (0 or 1): 
Enter value for A[10][8] (0 or 1): 
Enter value for A[10][9] (0 or 1): 
Enter value for A[10][10] (0 or 1): 
The matrix is:
       0     1     2     3     4     5     6     7     8     9    10
   +-----+-----+-----+-----+-----+-----+-----+-----+-----+-----+-----+
  0 |  0  |  0  |  0  |  0  |  1  |  1  |  0  |  1  |  0  |  1  |  1  |
   +-----+-----+-----+-----+-----+-----+-----+-----+-----+-----+-----+
  1 |  0  |  0  |  0  |  0  |  0  |  0  |  0  |  0  |  0  |  0  |  0  |
   +-----+-----+-----+-----+-----+-----+-----+-----+-----+-----+-----+
  2 |  0  |  1  |  0  |  0  |  0  |  0  |  0  |  0  |  0  |  0  |  0  |
   +-----+-----+-----+-----+-----+-----+-----+-----+-----+-----+-----+
  3 |  0  |  0  |  0  |  0  |  0  |  0  |  0  |  0  |  0  |  0  |  0  |
   +-----+-----+-----+-----+-----+-----+-----+-----+-----+-----+-----+
  4 |  0  |  0  |  0  |  0  |  0  |  0  |  0  |  0  |  0  |  0  |  0  |
   +-----+-----+-----+-----+-----+-----+-----+-----+-----+-----+-----+
  5 |  0  |  0  |  0  |  0  |  0  |  0  |  0  |  0  |  0  |  0  |  0  |
   +-----+-----+-----+-----+-----+-----+-----+-----+-----+-----+-----+
  6 |  1  |  0  |  1  |  0  |  0  |  0  |  0  |  0  |  1  |  0  |  0  |
   +-----+-----+-----+-----+-----+-----+-----+-----+-----+-----+-----+
  7 |  0  |  0  |  0  |  0  |  0  |  0  |  0  |  0  |  0  |  0  |  0  |
   +-----+-----+-----+-----+-----+-----+-----+-----+-----+-----+-----+
  8 |  0  |  0  |  0  |  1  |  0  |  0  |  0  |  0  |  0  |  0  |  0  |
   +-----+-----+-----+-----+-----+-----+-----+-----+-----+-----+-----+
  9 |  0  |  0  |  0  |  0  |  0  |  0  |  0  |  1  |  0  |  0  |  0  |
   +-----+-----+-----+-----+-----+-----+-----+-----+-----+-----+-----+
 10 |  0  |  0  |  0  |  0  |  0  |  0  |  0  |  0  |  0  |  0  |  0  |
   +-----+-----+-----+-----+-----+-----+-----+-----+-----+-----+-----+
Enter first node: 
Enter second node: 
Check for path from node 6 to node 1, got result 1.
Enter first node: 
Enter second node: 
Check for path from node 0 to node 9, got result 1.
Enter first node: 
Enter second node: 
Check for path from node 2 to node 10, got result 0.
Enter first node: 
Enter second node: 
Check for path from node 1 to node 2, got result 0.
Enter first node: 
Enter second node: 
See you soon!
